// Jest Snapshot v1, https://goo.gl/fbAQLP

exports[`Search renders correctly 1`] = `
<DocumentFragment>
  <input
    class="input"
    placeholder="ello mate"
    type="text"
  />
</DocumentFragment>
`;
